// Vitest Snapshot v1, https://vitest.dev/guide/snapshot.html

exports[`expect.soft with toMatchSnapshot should work but might not > content-v1 1`] = `
{
  "config": {
    "enabled": true,
    "features": [
      "feature1",
      "feature2",
    ],
  },
  "data": "Content for version 1",
  "timestamp": "2025-10-07T09:10:44.670Z",
  "version": 1,
}
`;
